[ 50%] [32mBuilding CXX object CMakeFiles/simple_controller.dir/src/simple_controller.cpp.o[0m
[100%] [32m[1mLinking CXX executable simple_controller[0m
[100%] Built target simple_controller
-- Install configuration: ""
-- Up-to-date: /home/admin/bumperbot_ws/install/bumperbot_controller/include/include
-- Up-to-date: /home/admin/bumperbot_ws/install/bumperbot_controller/include/include/bumperbot_controller
-- Installing: /home/admin/bumperbot_ws/install/bumperbot_controller/include/include/bumperbot_controller/simple_controller.hpp
-- Installing: /home/admin/bumperbot_ws/install/bumperbot_controller/lib/bumperbot_controller/simple_controller
-- Set non-toolchain portion of runtime path of "/home/admin/bumperbot_ws/install/bumperbot_controller/lib/bumperbot_controller/simple_controller" to ""
-- Up-to-date: /home/admin/bumperbot_ws/install/bumperbot_controller/share/bumperbot_controller/launch
-- Installing: /home/admin/bumperbot_ws/install/bumperbot_controller/share/bumperbot_controller/launch/controller.launch.py
-- Up-to-date: /home/admin/bumperbot_ws/install/bumperbot_controller/share/bumperbot_controller/config
-- Up-to-date: /home/admin/bumperbot_ws/install/bumperbot_controller/share/bumperbot_controller/config/bumperbot_controllers.yaml
-- Up-to-date: /home/admin/bumperbot_ws/install/bumperbot_controller/share/ament_index/resource_index/package_run_dependencies/bumperbot_controller
-- Up-to-date: /home/admin/bumperbot_ws/install/bumperbot_controller/share/ament_index/resource_index/parent_prefix_path/bumperbot_controller
-- Up-to-date: /home/admin/bumperbot_ws/install/bumperbot_controller/share/bumperbot_controller/environment/ament_prefix_path.sh
-- Up-to-date: /home/admin/bumperbot_ws/install/bumperbot_controller/share/bumperbot_controller/environment/ament_prefix_path.dsv
-- Up-to-date: /home/admin/bumperbot_ws/install/bumperbot_controller/share/bumperbot_controller/environment/path.sh
-- Up-to-date: /home/admin/bumperbot_ws/install/bumperbot_controller/share/bumperbot_controller/environment/path.dsv
-- Up-to-date: /home/admin/bumperbot_ws/install/bumperbot_controller/share/bumperbot_controller/local_setup.bash
-- Up-to-date: /home/admin/bumperbot_ws/install/bumperbot_controller/share/bumperbot_controller/local_setup.sh
-- Up-to-date: /home/admin/bumperbot_ws/install/bumperbot_controller/share/bumperbot_controller/local_setup.zsh
-- Up-to-date: /home/admin/bumperbot_ws/install/bumperbot_controller/share/bumperbot_controller/local_setup.dsv
-- Installing: /home/admin/bumperbot_ws/install/bumperbot_controller/share/bumperbot_controller/package.dsv
-- Up-to-date: /home/admin/bumperbot_ws/install/bumperbot_controller/share/ament_index/resource_index/packages/bumperbot_controller
-- Up-to-date: /home/admin/bumperbot_ws/install/bumperbot_controller/share/bumperbot_controller/cmake/bumperbot_controllerConfig.cmake
-- Up-to-date: /home/admin/bumperbot_ws/install/bumperbot_controller/share/bumperbot_controller/cmake/bumperbot_controllerConfig-version.cmake
-- Up-to-date: /home/admin/bumperbot_ws/install/bumperbot_controller/share/bumperbot_controller/package.xml
