[0.022s] Invoking command in '/home/admin/bumperbot_ws/build/bumperbot_cpp_examples': DEBUGINFOD_URLS=https://debuginfod.ubuntu.com /usr/bin/cmake --build /home/admin/bumperbot_ws/build/bumperbot_cpp_examples -- -j4 -l4
[0.061s] -- Found ament_cmake: 2.5.3 (/opt/ros/jazzy/share/ament_cmake/cmake)
[0.280s] -- Found rclcpp: 28.1.6 (/opt/ros/jazzy/share/rclcpp/cmake)
[0.312s] -- Found rosidl_generator_c: 4.6.5 (/opt/ros/jazzy/share/rosidl_generator_c/cmake)
[0.323s] -- Found rosidl_generator_cpp: 4.6.5 (/opt/ros/jazzy/share/rosidl_generator_cpp/cmake)
[0.347s] -- Using all available rosidl_typesupport_c: rosidl_typesupport_fastrtps_c;rosidl_typesupport_introspection_c
[0.361s] -- Using all available rosidl_typesupport_cpp: rosidl_typesupport_fastrtps_cpp;rosidl_typesupport_introspection_cpp
[0.428s] -- Found rmw_implementation_cmake: 7.3.1 (/opt/ros/jazzy/share/rmw_implementation_cmake/cmake)
[0.429s] -- Found rmw_fastrtps_cpp: 8.4.1 (/opt/ros/jazzy/share/rmw_fastrtps_cpp/cmake)
[0.509s] -- Using RMW implementation 'rmw_fastrtps_cpp' as default
[0.577s] -- Found std_msgs: 5.3.5 (/opt/ros/jazzy/share/std_msgs/cmake)
[0.590s] -- Found turtlesim: 1.8.3 (/opt/ros/jazzy/share/turtlesim/cmake)
[0.725s] Error parsing '/home/admin/bumperbot_ws/src/bumperbot_cpp_examples/package.xml':
[2.025s] Traceback (most recent call last):
[2.026s]   File "/opt/ros/jazzy/share/ament_cmake_core/cmake/core/package_xml_2_cmake.py", line 150, in <module>
[2.026s]     main()
[2.026s]   File "/opt/ros/jazzy/share/ament_cmake_core/cmake/core/package_xml_2_cmake.py", line 53, in main
[2.026s]     raise e
[2.026s]   File "/opt/ros/jazzy/share/ament_cmake_core/cmake/core/package_xml_2_cmake.py", line 49, in main
[2.026s]     package = parse_package_string(
[2.027s]               ^^^^^^^^^^^^^^^^^^^^^
[2.027s]   File "/usr/lib/python3/dist-packages/catkin_pkg/package.py", line 788, in parse_package_string
[2.027s]     pkg.validate(warnings=warnings)
[2.027s]   File "/usr/lib/python3/dist-packages/catkin_pkg/package.py", line 330, in validate
[2.027s]     raise InvalidPackage('\n'.join(errors), self.filename)
[2.027s] catkin_pkg.package.InvalidPackage: Error(s) in package '/home/admin/bumperbot_ws/src/bumperbot_cpp_examples/package.xml':
[2.027s] Package 'bumperbot_cpp_examples' must declare at least one maintainer
[2.076s] [31mCMake Error at /opt/ros/jazzy/share/ament_cmake_core/cmake/core/ament_package_xml.cmake:95 (message):
[2.077s]   execute_process(/usr/bin/python3
[2.077s]   /opt/ros/jazzy/share/ament_cmake_core/cmake/core/package_xml_2_cmake.py
[2.077s]   /home/admin/bumperbot_ws/src/bumperbot_cpp_examples/package.xml
[2.077s]   /home/admin/bumperbot_ws/build/bumperbot_cpp_examples/ament_cmake_core/package.cmake)
[2.077s]   returned error code 1
[2.077s] Call Stack (most recent call first):
[2.077s]   /opt/ros/jazzy/share/ament_cmake_core/cmake/core/ament_package_xml.cmake:49 (_ament_package_xml)
[2.078s]   /opt/ros/jazzy/share/ament_cmake_core/cmake/core/ament_package.cmake:63 (ament_package_xml)
[2.078s]   CMakeLists.txt:44 (ament_package)
[2.079s] 
[2.079s] [0m
[2.079s] -- Configuring incomplete, errors occurred!
[2.090s] gmake: *** [Makefile:390: cmake_check_build_system] Error 1
[2.093s] Invoked command in '/home/admin/bumperbot_ws/build/bumperbot_cpp_examples' returned '2': DEBUGINFOD_URLS=https://debuginfod.ubuntu.com /usr/bin/cmake --build /home/admin/bumperbot_ws/build/bumperbot_cpp_examples -- -j4 -l4
