[0.099s] DEBUG:colcon:Command line arguments: ['/usr/bin/colcon', 'list', '-p', '--base-paths', '/home/admin/bumperbot_ws']
[0.099s] DEBUG:colcon:Parsed command line arguments: Namespace(log_base=None, log_level=None, verb_name='list', build_base='build', ignore_user_meta=False, metas=['./colcon.meta'], base_paths=['/home/admin/bumperbot_ws'], packages_ignore=None, packages_ignore_regex=None, paths=None, packages_up_to=None, packages_up_to_regex=None, packages_above=None, packages_above_and_dependencies=None, packages_above_depth=None, packages_select_by_dep=None, packages_skip_by_dep=None, packages_skip_up_to=None, packages_select_build_failed=False, packages_skip_build_finished=False, packages_select_test_failures=False, packages_skip_test_passed=False, packages_select=None, packages_skip=None, packages_select_regex=None, packages_skip_regex=None, packages_start=None, packages_end=None, allow_overriding=[], topological_order=False, names_only=False, paths_only=True, topological_graph=False, topological_graph_dot=False, topological_graph_density=False, topological_graph_legend=False, topological_graph_dot_cluster=False, topological_graph_dot_include_skipped=False, mixin_files=None, mixin=None, verb_parser=<colcon_mixin.mixin.mixin_argument.MixinArgumentDecorator object at 0x71e5a9861250>, verb_extension=<colcon_package_information.verb.list.ListVerb object at 0x71e5a98604a0>, main=<bound method ListVerb.main of <colcon_package_information.verb.list.ListVerb object at 0x71e5a98604a0>>, mixin_verb=('list',))
[0.137s] Level 1:colcon.colcon_core.package_discovery:discover_packages(colcon_meta) check parameters
[0.138s] Level 1:colcon.colcon_core.package_discovery:discover_packages(recursive) check parameters
[0.138s] Level 1:colcon.colcon_core.package_discovery:discover_packages(ignore) check parameters
[0.138s] Level 1:colcon.colcon_core.package_discovery:discover_packages(path) check parameters
[0.138s] Level 1:colcon.colcon_core.package_discovery:discover_packages(recursive) discover
[0.138s] INFO:colcon.colcon_core.package_discovery:Crawling recursively for packages in '/home/admin/bumperbot_ws'
[0.138s] Level 1:colcon.colcon_core.package_identification:_identify(/home/admin/bumperbot_ws) by extensions ['ignore', 'ignore_ament_install']
[0.139s] Level 1:colcon.colcon_core.package_identification:_identify(/home/admin/bumperbot_ws) by extension 'ignore'
[0.139s] Level 1:colcon.colcon_core.package_identification:_identify(/home/admin/bumperbot_ws) by extension 'ignore_ament_install'
[0.139s] Level 1:colcon.colcon_core.package_identification:_identify(/home/admin/bumperbot_ws) by extensions ['colcon_pkg']
[0.139s] Level 1:colcon.colcon_core.package_identification:_identify(/home/admin/bumperbot_ws) by extension 'colcon_pkg'
[0.139s] Level 1:colcon.colcon_core.package_identification:_identify(/home/admin/bumperbot_ws) by extensions ['colcon_meta']
[0.139s] Level 1:colcon.colcon_core.package_identification:_identify(/home/admin/bumperbot_ws) by extension 'colcon_meta'
[0.139s] Level 1:colcon.colcon_core.package_identification:_identify(/home/admin/bumperbot_ws) by extensions ['ros']
[0.139s] Level 1:colcon.colcon_core.package_identification:_identify(/home/admin/bumperbot_ws) by extension 'ros'
[0.170s] Level 1:colcon.colcon_core.package_identification:_identify(/home/admin/bumperbot_ws) by extensions ['cmake', 'python']
[0.170s] Level 1:colcon.colcon_core.package_identification:_identify(/home/admin/bumperbot_ws) by extension 'cmake'
[0.170s] Level 1:colcon.colcon_core.package_identification:_identify(/home/admin/bumperbot_ws) by extension 'python'
[0.170s] Level 1:colcon.colcon_core.package_identification:_identify(/home/admin/bumperbot_ws) by extensions ['python_setup_py']
[0.170s] Level 1:colcon.colcon_core.package_identification:_identify(/home/admin/bumperbot_ws) by extension 'python_setup_py'
[0.170s] Level 1:colcon.colcon_core.package_identification:_identify(/home/admin/bumperbot_ws/build) by extensions ['ignore', 'ignore_ament_install']
[0.170s] Level 1:colcon.colcon_core.package_identification:_identify(/home/admin/bumperbot_ws/build) by extension 'ignore'
[0.170s] Level 1:colcon.colcon_core.package_identification:_identify(/home/admin/bumperbot_ws/build) ignored
[0.171s] Level 1:colcon.colcon_core.package_identification:_identify(/home/admin/bumperbot_ws/install) by extensions ['ignore', 'ignore_ament_install']
[0.171s] Level 1:colcon.colcon_core.package_identification:_identify(/home/admin/bumperbot_ws/install) by extension 'ignore'
[0.171s] Level 1:colcon.colcon_core.package_identification:_identify(/home/admin/bumperbot_ws/install) ignored
[0.171s] Level 1:colcon.colcon_core.package_identification:_identify(/home/admin/bumperbot_ws/log) by extensions ['ignore', 'ignore_ament_install']
[0.171s] Level 1:colcon.colcon_core.package_identification:_identify(/home/admin/bumperbot_ws/log) by extension 'ignore'
[0.171s] Level 1:colcon.colcon_core.package_identification:_identify(/home/admin/bumperbot_ws/log) ignored
[0.171s] Level 1:colcon.colcon_core.package_identification:_identify(/home/admin/bumperbot_ws/src) by extensions ['ignore', 'ignore_ament_install']
[0.171s] Level 1:colcon.colcon_core.package_identification:_identify(/home/admin/bumperbot_ws/src) by extension 'ignore'
[0.171s] Level 1:colcon.colcon_core.package_identification:_identify(/home/admin/bumperbot_ws/src) by extension 'ignore_ament_install'
[0.171s] Level 1:colcon.colcon_core.package_identification:_identify(/home/admin/bumperbot_ws/src) by extensions ['colcon_pkg']
[0.172s] Level 1:colcon.colcon_core.package_identification:_identify(/home/admin/bumperbot_ws/src) by extension 'colcon_pkg'
[0.172s] Level 1:colcon.colcon_core.package_identification:_identify(/home/admin/bumperbot_ws/src) by extensions ['colcon_meta']
[0.172s] Level 1:colcon.colcon_core.package_identification:_identify(/home/admin/bumperbot_ws/src) by extension 'colcon_meta'
[0.172s] Level 1:colcon.colcon_core.package_identification:_identify(/home/admin/bumperbot_ws/src) by extensions ['ros']
[0.172s] Level 1:colcon.colcon_core.package_identification:_identify(/home/admin/bumperbot_ws/src) by extension 'ros'
[0.172s] Level 1:colcon.colcon_core.package_identification:_identify(/home/admin/bumperbot_ws/src) by extensions ['cmake', 'python']
[0.172s] Level 1:colcon.colcon_core.package_identification:_identify(/home/admin/bumperbot_ws/src) by extension 'cmake'
[0.172s] Level 1:colcon.colcon_core.package_identification:_identify(/home/admin/bumperbot_ws/src) by extension 'python'
[0.172s] Level 1:colcon.colcon_core.package_identification:_identify(/home/admin/bumperbot_ws/src) by extensions ['python_setup_py']
[0.172s] Level 1:colcon.colcon_core.package_identification:_identify(/home/admin/bumperbot_ws/src) by extension 'python_setup_py'
[0.172s] Level 1:colcon.colcon_core.package_identification:_identify(/home/admin/bumperbot_ws/src/bumperbot_controller) by extensions ['ignore', 'ignore_ament_install']
[0.172s] Level 1:colcon.colcon_core.package_identification:_identify(/home/admin/bumperbot_ws/src/bumperbot_controller) by extension 'ignore'
[0.172s] Level 1:colcon.colcon_core.package_identification:_identify(/home/admin/bumperbot_ws/src/bumperbot_controller) by extension 'ignore_ament_install'
[0.172s] Level 1:colcon.colcon_core.package_identification:_identify(/home/admin/bumperbot_ws/src/bumperbot_controller) by extensions ['colcon_pkg']
[0.172s] Level 1:colcon.colcon_core.package_identification:_identify(/home/admin/bumperbot_ws/src/bumperbot_controller) by extension 'colcon_pkg'
[0.172s] Level 1:colcon.colcon_core.package_identification:_identify(/home/admin/bumperbot_ws/src/bumperbot_controller) by extensions ['colcon_meta']
[0.172s] Level 1:colcon.colcon_core.package_identification:_identify(/home/admin/bumperbot_ws/src/bumperbot_controller) by extension 'colcon_meta'
[0.172s] Level 1:colcon.colcon_core.package_identification:_identify(/home/admin/bumperbot_ws/src/bumperbot_controller) by extensions ['ros']
[0.172s] Level 1:colcon.colcon_core.package_identification:_identify(/home/admin/bumperbot_ws/src/bumperbot_controller) by extension 'ros'
[0.175s] DEBUG:colcon.colcon_core.package_identification:Package '/home/admin/bumperbot_ws/src/bumperbot_controller' with type 'ros.ament_cmake' and name 'bumperbot_controller'
[0.175s] Level 1:colcon.colcon_core.package_identification:_identify(/home/admin/bumperbot_ws/src/bumperbot_cpp_examples) by extensions ['ignore', 'ignore_ament_install']
[0.176s] Level 1:colcon.colcon_core.package_identification:_identify(/home/admin/bumperbot_ws/src/bumperbot_cpp_examples) by extension 'ignore'
[0.176s] Level 1:colcon.colcon_core.package_identification:_identify(/home/admin/bumperbot_ws/src/bumperbot_cpp_examples) by extension 'ignore_ament_install'
[0.176s] Level 1:colcon.colcon_core.package_identification:_identify(/home/admin/bumperbot_ws/src/bumperbot_cpp_examples) by extensions ['colcon_pkg']
[0.176s] Level 1:colcon.colcon_core.package_identification:_identify(/home/admin/bumperbot_ws/src/bumperbot_cpp_examples) by extension 'colcon_pkg'
[0.176s] Level 1:colcon.colcon_core.package_identification:_identify(/home/admin/bumperbot_ws/src/bumperbot_cpp_examples) by extensions ['colcon_meta']
[0.176s] Level 1:colcon.colcon_core.package_identification:_identify(/home/admin/bumperbot_ws/src/bumperbot_cpp_examples) by extension 'colcon_meta'
[0.176s] Level 1:colcon.colcon_core.package_identification:_identify(/home/admin/bumperbot_ws/src/bumperbot_cpp_examples) by extensions ['ros']
[0.176s] Level 1:colcon.colcon_core.package_identification:_identify(/home/admin/bumperbot_ws/src/bumperbot_cpp_examples) by extension 'ros'
[0.176s] DEBUG:colcon.colcon_core.package_identification:Package '/home/admin/bumperbot_ws/src/bumperbot_cpp_examples' with type 'ros.ament_cmake' and name 'bumperbot_cpp_examples'
[0.177s] Level 1:colcon.colcon_core.package_identification:_identify(/home/admin/bumperbot_ws/src/bumperbot_description) by extensions ['ignore', 'ignore_ament_install']
[0.177s] Level 1:colcon.colcon_core.package_identification:_identify(/home/admin/bumperbot_ws/src/bumperbot_description) by extension 'ignore'
[0.177s] Level 1:colcon.colcon_core.package_identification:_identify(/home/admin/bumperbot_ws/src/bumperbot_description) by extension 'ignore_ament_install'
[0.177s] Level 1:colcon.colcon_core.package_identification:_identify(/home/admin/bumperbot_ws/src/bumperbot_description) by extensions ['colcon_pkg']
[0.177s] Level 1:colcon.colcon_core.package_identification:_identify(/home/admin/bumperbot_ws/src/bumperbot_description) by extension 'colcon_pkg'
[0.177s] Level 1:colcon.colcon_core.package_identification:_identify(/home/admin/bumperbot_ws/src/bumperbot_description) by extensions ['colcon_meta']
[0.177s] Level 1:colcon.colcon_core.package_identification:_identify(/home/admin/bumperbot_ws/src/bumperbot_description) by extension 'colcon_meta'
[0.177s] Level 1:colcon.colcon_core.package_identification:_identify(/home/admin/bumperbot_ws/src/bumperbot_description) by extensions ['ros']
[0.177s] Level 1:colcon.colcon_core.package_identification:_identify(/home/admin/bumperbot_ws/src/bumperbot_description) by extension 'ros'
[0.180s] DEBUG:colcon.colcon_core.package_identification:Package '/home/admin/bumperbot_ws/src/bumperbot_description' with type 'ros.ament_cmake' and name 'bumperbot_description'
[0.180s] Level 1:colcon.colcon_core.package_identification:_identify(/home/admin/bumperbot_ws/src/bumperbot_py_examples) by extensions ['ignore', 'ignore_ament_install']
[0.180s] Level 1:colcon.colcon_core.package_identification:_identify(/home/admin/bumperbot_ws/src/bumperbot_py_examples) by extension 'ignore'
[0.180s] Level 1:colcon.colcon_core.package_identification:_identify(/home/admin/bumperbot_ws/src/bumperbot_py_examples) by extension 'ignore_ament_install'
[0.180s] Level 1:colcon.colcon_core.package_identification:_identify(/home/admin/bumperbot_ws/src/bumperbot_py_examples) by extensions ['colcon_pkg']
[0.180s] Level 1:colcon.colcon_core.package_identification:_identify(/home/admin/bumperbot_ws/src/bumperbot_py_examples) by extension 'colcon_pkg'
[0.180s] Level 1:colcon.colcon_core.package_identification:_identify(/home/admin/bumperbot_ws/src/bumperbot_py_examples) by extensions ['colcon_meta']
[0.180s] Level 1:colcon.colcon_core.package_identification:_identify(/home/admin/bumperbot_ws/src/bumperbot_py_examples) by extension 'colcon_meta'
[0.181s] Level 1:colcon.colcon_core.package_identification:_identify(/home/admin/bumperbot_ws/src/bumperbot_py_examples) by extensions ['ros']
[0.181s] Level 1:colcon.colcon_core.package_identification:_identify(/home/admin/bumperbot_ws/src/bumperbot_py_examples) by extension 'ros'
[0.181s] DEBUG:colcon.colcon_core.package_identification:Package '/home/admin/bumperbot_ws/src/bumperbot_py_examples' with type 'ros.ament_python' and name 'bumperbot_py_examples'
[0.181s] Level 1:colcon.colcon_core.package_discovery:discover_packages(recursive) using defaults
