[0.101s] DEBUG:colcon:Command line arguments: ['/usr/bin/colcon', 'list', '-p', '--base-paths', '/home/admin/bumperbot_ws']
[0.101s] DEBUG:colcon:Parsed command line arguments: Namespace(log_base=None, log_level=None, verb_name='list', build_base='build', ignore_user_meta=False, metas=['./colcon.meta'], base_paths=['/home/admin/bumperbot_ws'], packages_ignore=None, packages_ignore_regex=None, paths=None, packages_up_to=None, packages_up_to_regex=None, packages_above=None, packages_above_and_dependencies=None, packages_above_depth=None, packages_select_by_dep=None, packages_skip_by_dep=None, packages_skip_up_to=None, packages_select_build_failed=False, packages_skip_build_finished=False, packages_select_test_failures=False, packages_skip_test_passed=False, packages_select=None, packages_skip=None, packages_select_regex=None, packages_skip_regex=None, packages_start=None, packages_end=None, allow_overriding=[], topological_order=False, names_only=False, paths_only=True, topological_graph=False, topological_graph_dot=False, topological_graph_density=False, topological_graph_legend=False, topological_graph_dot_cluster=False, topological_graph_dot_include_skipped=False, mixin_files=None, mixin=None, verb_parser=<colcon_mixin.mixin.mixin_argument.MixinArgumentDecorator object at 0x78c87288d370>, verb_extension=<colcon_package_information.verb.list.ListVerb object at 0x78c87288c5f0>, main=<bound method ListVerb.main of <colcon_package_information.verb.list.ListVerb object at 0x78c87288c5f0>>, mixin_verb=('list',))
[0.137s] Level 1:colcon.colcon_core.package_discovery:discover_packages(colcon_meta) check parameters
[0.137s] Level 1:colcon.colcon_core.package_discovery:discover_packages(recursive) check parameters
[0.137s] Level 1:colcon.colcon_core.package_discovery:discover_packages(ignore) check parameters
[0.137s] Level 1:colcon.colcon_core.package_discovery:discover_packages(path) check parameters
[0.137s] Level 1:colcon.colcon_core.package_discovery:discover_packages(recursive) discover
[0.137s] INFO:colcon.colcon_core.package_discovery:Crawling recursively for packages in '/home/admin/bumperbot_ws'
[0.137s] Level 1:colcon.colcon_core.package_identification:_identify(/home/admin/bumperbot_ws) by extensions ['ignore', 'ignore_ament_install']
[0.137s] Level 1:colcon.colcon_core.package_identification:_identify(/home/admin/bumperbot_ws) by extension 'ignore'
[0.137s] Level 1:colcon.colcon_core.package_identification:_identify(/home/admin/bumperbot_ws) by extension 'ignore_ament_install'
[0.137s] Level 1:colcon.colcon_core.package_identification:_identify(/home/admin/bumperbot_ws) by extensions ['colcon_pkg']
[0.137s] Level 1:colcon.colcon_core.package_identification:_identify(/home/admin/bumperbot_ws) by extension 'colcon_pkg'
[0.137s] Level 1:colcon.colcon_core.package_identification:_identify(/home/admin/bumperbot_ws) by extensions ['colcon_meta']
[0.137s] Level 1:colcon.colcon_core.package_identification:_identify(/home/admin/bumperbot_ws) by extension 'colcon_meta'
[0.137s] Level 1:colcon.colcon_core.package_identification:_identify(/home/admin/bumperbot_ws) by extensions ['ros']
[0.137s] Level 1:colcon.colcon_core.package_identification:_identify(/home/admin/bumperbot_ws) by extension 'ros'
[0.161s] Level 1:colcon.colcon_core.package_identification:_identify(/home/admin/bumperbot_ws) by extensions ['cmake', 'python']
[0.161s] Level 1:colcon.colcon_core.package_identification:_identify(/home/admin/bumperbot_ws) by extension 'cmake'
[0.161s] Level 1:colcon.colcon_core.package_identification:_identify(/home/admin/bumperbot_ws) by extension 'python'
[0.161s] Level 1:colcon.colcon_core.package_identification:_identify(/home/admin/bumperbot_ws) by extensions ['python_setup_py']
[0.161s] Level 1:colcon.colcon_core.package_identification:_identify(/home/admin/bumperbot_ws) by extension 'python_setup_py'
[0.161s] Level 1:colcon.colcon_core.package_identification:_identify(/home/admin/bumperbot_ws/build) by extensions ['ignore', 'ignore_ament_install']
[0.161s] Level 1:colcon.colcon_core.package_identification:_identify(/home/admin/bumperbot_ws/build) by extension 'ignore'
[0.161s] Level 1:colcon.colcon_core.package_identification:_identify(/home/admin/bumperbot_ws/build) ignored
[0.161s] Level 1:colcon.colcon_core.package_identification:_identify(/home/admin/bumperbot_ws/install) by extensions ['ignore', 'ignore_ament_install']
[0.162s] Level 1:colcon.colcon_core.package_identification:_identify(/home/admin/bumperbot_ws/install) by extension 'ignore'
[0.162s] Level 1:colcon.colcon_core.package_identification:_identify(/home/admin/bumperbot_ws/install) ignored
[0.162s] Level 1:colcon.colcon_core.package_identification:_identify(/home/admin/bumperbot_ws/log) by extensions ['ignore', 'ignore_ament_install']
[0.162s] Level 1:colcon.colcon_core.package_identification:_identify(/home/admin/bumperbot_ws/log) by extension 'ignore'
[0.162s] Level 1:colcon.colcon_core.package_identification:_identify(/home/admin/bumperbot_ws/log) ignored
[0.162s] Level 1:colcon.colcon_core.package_identification:_identify(/home/admin/bumperbot_ws/src) by extensions ['ignore', 'ignore_ament_install']
[0.162s] Level 1:colcon.colcon_core.package_identification:_identify(/home/admin/bumperbot_ws/src) by extension 'ignore'
[0.162s] Level 1:colcon.colcon_core.package_identification:_identify(/home/admin/bumperbot_ws/src) by extension 'ignore_ament_install'
[0.162s] Level 1:colcon.colcon_core.package_identification:_identify(/home/admin/bumperbot_ws/src) by extensions ['colcon_pkg']
[0.162s] Level 1:colcon.colcon_core.package_identification:_identify(/home/admin/bumperbot_ws/src) by extension 'colcon_pkg'
[0.162s] Level 1:colcon.colcon_core.package_identification:_identify(/home/admin/bumperbot_ws/src) by extensions ['colcon_meta']
[0.162s] Level 1:colcon.colcon_core.package_identification:_identify(/home/admin/bumperbot_ws/src) by extension 'colcon_meta'
[0.162s] Level 1:colcon.colcon_core.package_identification:_identify(/home/admin/bumperbot_ws/src) by extensions ['ros']
[0.162s] Level 1:colcon.colcon_core.package_identification:_identify(/home/admin/bumperbot_ws/src) by extension 'ros'
[0.162s] Level 1:colcon.colcon_core.package_identification:_identify(/home/admin/bumperbot_ws/src) by extensions ['cmake', 'python']
[0.162s] Level 1:colcon.colcon_core.package_identification:_identify(/home/admin/bumperbot_ws/src) by extension 'cmake'
[0.163s] Level 1:colcon.colcon_core.package_identification:_identify(/home/admin/bumperbot_ws/src) by extension 'python'
[0.163s] Level 1:colcon.colcon_core.package_identification:_identify(/home/admin/bumperbot_ws/src) by extensions ['python_setup_py']
[0.163s] Level 1:colcon.colcon_core.package_identification:_identify(/home/admin/bumperbot_ws/src) by extension 'python_setup_py'
[0.163s] Level 1:colcon.colcon_core.package_identification:_identify(/home/admin/bumperbot_ws/src/bumperbot_controller) by extensions ['ignore', 'ignore_ament_install']
[0.163s] Level 1:colcon.colcon_core.package_identification:_identify(/home/admin/bumperbot_ws/src/bumperbot_controller) by extension 'ignore'
[0.163s] Level 1:colcon.colcon_core.package_identification:_identify(/home/admin/bumperbot_ws/src/bumperbot_controller) by extension 'ignore_ament_install'
[0.163s] Level 1:colcon.colcon_core.package_identification:_identify(/home/admin/bumperbot_ws/src/bumperbot_controller) by extensions ['colcon_pkg']
[0.163s] Level 1:colcon.colcon_core.package_identification:_identify(/home/admin/bumperbot_ws/src/bumperbot_controller) by extension 'colcon_pkg'
[0.163s] Level 1:colcon.colcon_core.package_identification:_identify(/home/admin/bumperbot_ws/src/bumperbot_controller) by extensions ['colcon_meta']
[0.163s] Level 1:colcon.colcon_core.package_identification:_identify(/home/admin/bumperbot_ws/src/bumperbot_controller) by extension 'colcon_meta'
[0.163s] Level 1:colcon.colcon_core.package_identification:_identify(/home/admin/bumperbot_ws/src/bumperbot_controller) by extensions ['ros']
[0.163s] Level 1:colcon.colcon_core.package_identification:_identify(/home/admin/bumperbot_ws/src/bumperbot_controller) by extension 'ros'
[0.166s] DEBUG:colcon.colcon_core.package_identification:Package '/home/admin/bumperbot_ws/src/bumperbot_controller' with type 'ros.ament_cmake' and name 'bumperbot_controller'
[0.166s] Level 1:colcon.colcon_core.package_identification:_identify(/home/admin/bumperbot_ws/src/bumperbot_cpp_examples) by extensions ['ignore', 'ignore_ament_install']
[0.166s] Level 1:colcon.colcon_core.package_identification:_identify(/home/admin/bumperbot_ws/src/bumperbot_cpp_examples) by extension 'ignore'
[0.166s] Level 1:colcon.colcon_core.package_identification:_identify(/home/admin/bumperbot_ws/src/bumperbot_cpp_examples) by extension 'ignore_ament_install'
[0.166s] Level 1:colcon.colcon_core.package_identification:_identify(/home/admin/bumperbot_ws/src/bumperbot_cpp_examples) by extensions ['colcon_pkg']
[0.166s] Level 1:colcon.colcon_core.package_identification:_identify(/home/admin/bumperbot_ws/src/bumperbot_cpp_examples) by extension 'colcon_pkg'
[0.166s] Level 1:colcon.colcon_core.package_identification:_identify(/home/admin/bumperbot_ws/src/bumperbot_cpp_examples) by extensions ['colcon_meta']
[0.166s] Level 1:colcon.colcon_core.package_identification:_identify(/home/admin/bumperbot_ws/src/bumperbot_cpp_examples) by extension 'colcon_meta'
[0.166s] Level 1:colcon.colcon_core.package_identification:_identify(/home/admin/bumperbot_ws/src/bumperbot_cpp_examples) by extensions ['ros']
[0.167s] Level 1:colcon.colcon_core.package_identification:_identify(/home/admin/bumperbot_ws/src/bumperbot_cpp_examples) by extension 'ros'
[0.167s] DEBUG:colcon.colcon_core.package_identification:Package '/home/admin/bumperbot_ws/src/bumperbot_cpp_examples' with type 'ros.ament_cmake' and name 'bumperbot_cpp_examples'
[0.167s] Level 1:colcon.colcon_core.package_identification:_identify(/home/admin/bumperbot_ws/src/bumperbot_description) by extensions ['ignore', 'ignore_ament_install']
[0.167s] Level 1:colcon.colcon_core.package_identification:_identify(/home/admin/bumperbot_ws/src/bumperbot_description) by extension 'ignore'
[0.167s] Level 1:colcon.colcon_core.package_identification:_identify(/home/admin/bumperbot_ws/src/bumperbot_description) by extension 'ignore_ament_install'
[0.167s] Level 1:colcon.colcon_core.package_identification:_identify(/home/admin/bumperbot_ws/src/bumperbot_description) by extensions ['colcon_pkg']
[0.167s] Level 1:colcon.colcon_core.package_identification:_identify(/home/admin/bumperbot_ws/src/bumperbot_description) by extension 'colcon_pkg'
[0.167s] Level 1:colcon.colcon_core.package_identification:_identify(/home/admin/bumperbot_ws/src/bumperbot_description) by extensions ['colcon_meta']
[0.168s] Level 1:colcon.colcon_core.package_identification:_identify(/home/admin/bumperbot_ws/src/bumperbot_description) by extension 'colcon_meta'
[0.168s] Level 1:colcon.colcon_core.package_identification:_identify(/home/admin/bumperbot_ws/src/bumperbot_description) by extensions ['ros']
[0.168s] Level 1:colcon.colcon_core.package_identification:_identify(/home/admin/bumperbot_ws/src/bumperbot_description) by extension 'ros'
[0.170s] DEBUG:colcon.colcon_core.package_identification:Package '/home/admin/bumperbot_ws/src/bumperbot_description' with type 'ros.ament_cmake' and name 'bumperbot_description'
[0.170s] Level 1:colcon.colcon_core.package_identification:_identify(/home/admin/bumperbot_ws/src/bumperbot_py_examples) by extensions ['ignore', 'ignore_ament_install']
[0.170s] Level 1:colcon.colcon_core.package_identification:_identify(/home/admin/bumperbot_ws/src/bumperbot_py_examples) by extension 'ignore'
[0.170s] Level 1:colcon.colcon_core.package_identification:_identify(/home/admin/bumperbot_ws/src/bumperbot_py_examples) by extension 'ignore_ament_install'
[0.170s] Level 1:colcon.colcon_core.package_identification:_identify(/home/admin/bumperbot_ws/src/bumperbot_py_examples) by extensions ['colcon_pkg']
[0.171s] Level 1:colcon.colcon_core.package_identification:_identify(/home/admin/bumperbot_ws/src/bumperbot_py_examples) by extension 'colcon_pkg'
[0.171s] Level 1:colcon.colcon_core.package_identification:_identify(/home/admin/bumperbot_ws/src/bumperbot_py_examples) by extensions ['colcon_meta']
[0.171s] Level 1:colcon.colcon_core.package_identification:_identify(/home/admin/bumperbot_ws/src/bumperbot_py_examples) by extension 'colcon_meta'
[0.171s] Level 1:colcon.colcon_core.package_identification:_identify(/home/admin/bumperbot_ws/src/bumperbot_py_examples) by extensions ['ros']
[0.171s] Level 1:colcon.colcon_core.package_identification:_identify(/home/admin/bumperbot_ws/src/bumperbot_py_examples) by extension 'ros'
[0.171s] DEBUG:colcon.colcon_core.package_identification:Package '/home/admin/bumperbot_ws/src/bumperbot_py_examples' with type 'ros.ament_python' and name 'bumperbot_py_examples'
[0.171s] Level 1:colcon.colcon_core.package_discovery:discover_packages(recursive) using defaults
