[0.044s] Invoking command in '/home/admin/bumperbot_ws/build/bumperbot_cpp_examples': DEBUGINFOD_URLS=https://debuginfod.ubuntu.com /usr/bin/cmake --build /home/admin/bumperbot_ws/build/bumperbot_cpp_examples -- -j4 -l4
[0.088s] -- Found ament_cmake: 2.5.3 (/opt/ros/jazzy/share/ament_cmake/cmake)
[0.420s] -- Found rclcpp: 28.1.6 (/opt/ros/jazzy/share/rclcpp/cmake)
[0.461s] -- Found rosidl_generator_c: 4.6.5 (/opt/ros/jazzy/share/rosidl_generator_c/cmake)
[0.472s] -- Found rosidl_generator_cpp: 4.6.5 (/opt/ros/jazzy/share/rosidl_generator_cpp/cmake)
[0.488s] -- Using all available rosidl_typesupport_c: rosidl_typesupport_fastrtps_c;rosidl_typesupport_introspection_c
[0.504s] -- Using all available rosidl_typesupport_cpp: rosidl_typesupport_fastrtps_cpp;rosidl_typesupport_introspection_cpp
[0.581s] -- Found rmw_implementation_cmake: 7.3.1 (/opt/ros/jazzy/share/rmw_implementation_cmake/cmake)
[0.581s] -- Found rmw_fastrtps_cpp: 8.4.1 (/opt/ros/jazzy/share/rmw_fastrtps_cpp/cmake)
[0.687s] -- Using RMW implementation 'rmw_fastrtps_cpp' as default
[0.763s] -- Found std_msgs: 5.3.5 (/opt/ros/jazzy/share/std_msgs/cmake)
[0.784s] -- Found turtlesim: 1.8.3 (/opt/ros/jazzy/share/turtlesim/cmake)
[0.926s] Error parsing '/home/admin/bumperbot_ws/src/bumperbot_cpp_examples/package.xml':
[6.880s] Traceback (most recent call last):
[6.881s]   File "/opt/ros/jazzy/share/ament_cmake_core/cmake/core/package_xml_2_cmake.py", line 150, in <module>
[6.881s]     main()
[6.881s]   File "/opt/ros/jazzy/share/ament_cmake_core/cmake/core/package_xml_2_cmake.py", line 53, in main
[6.881s]     raise e
[6.882s]   File "/opt/ros/jazzy/share/ament_cmake_core/cmake/core/package_xml_2_cmake.py", line 49, in main
[6.882s]     package = parse_package_string(
[6.882s]               ^^^^^^^^^^^^^^^^^^^^^
[6.882s]   File "/usr/lib/python3/dist-packages/catkin_pkg/package.py", line 788, in parse_package_string
[6.882s]     pkg.validate(warnings=warnings)
[6.882s]   File "/usr/lib/python3/dist-packages/catkin_pkg/package.py", line 330, in validate
[6.882s]     raise InvalidPackage('\n'.join(errors), self.filename)
[6.882s] catkin_pkg.package.InvalidPackage: Error(s) in package '/home/admin/bumperbot_ws/src/bumperbot_cpp_examples/package.xml':
[6.882s] Package 'bumperbot_cpp_examples' must declare at least one maintainer
[6.936s] [31mCMake Error at /opt/ros/jazzy/share/ament_cmake_core/cmake/core/ament_package_xml.cmake:95 (message):
[6.936s]   execute_process(/usr/bin/python3
[6.936s]   /opt/ros/jazzy/share/ament_cmake_core/cmake/core/package_xml_2_cmake.py
[6.936s]   /home/admin/bumperbot_ws/src/bumperbot_cpp_examples/package.xml
[6.936s]   /home/admin/bumperbot_ws/build/bumperbot_cpp_examples/ament_cmake_core/package.cmake)
[6.936s]   returned error code 1
[6.937s] Call Stack (most recent call first):
[6.937s]   /opt/ros/jazzy/share/ament_cmake_core/cmake/core/ament_package_xml.cmake:49 (_ament_package_xml)
[6.937s]   /opt/ros/jazzy/share/ament_cmake_core/cmake/core/ament_package.cmake:63 (ament_package_xml)
[6.937s]   CMakeLists.txt:44 (ament_package)
[6.937s] 
[6.937s] [0m
[6.937s] -- Configuring incomplete, errors occurred!
[6.947s] gmake: *** [Makefile:390: cmake_check_build_system] Error 1
