[0.023s] Invoking command in '/home/admin/bumperbot_ws/build/bumperbot_controller': CMAKE_PREFIX_PATH=${CMAKE_PREFIX_PATH}:/opt/ros/jazzy DEBUGINFOD_URLS=https://debuginfod.ubuntu.com /usr/bin/cmake --build /home/admin/bumperbot_ws/build/bumperbot_controller -- -j4 -l4
[0.058s] -- Found ament_cmake: 2.5.3 (/opt/ros/jazzy/share/ament_cmake/cmake)
[0.284s] -- Found geometry_msgs: 5.3.5 (/opt/ros/jazzy/share/geometry_msgs/cmake)
[0.344s] -- Found rosidl_generator_c: 4.6.5 (/opt/ros/jazzy/share/rosidl_generator_c/cmake)
[0.357s] -- Found rosidl_generator_cpp: 4.6.5 (/opt/ros/jazzy/share/rosidl_generator_cpp/cmake)
[0.367s] -- Using all available rosidl_typesupport_c: rosidl_typesupport_fastrtps_c;rosidl_typesupport_introspection_c
[0.382s] -- Using all available rosidl_typesupport_cpp: rosidl_typesupport_fastrtps_cpp;rosidl_typesupport_introspection_cpp
[0.424s] -- Found rclcpp: 28.1.6 (/opt/ros/jazzy/share/rclcpp/cmake)
[0.477s] -- Found rmw_implementation_cmake: 7.3.1 (/opt/ros/jazzy/share/rmw_implementation_cmake/cmake)
[0.477s] -- Found rmw_fastrtps_cpp: 8.4.1 (/opt/ros/jazzy/share/rmw_fastrtps_cpp/cmake)
[0.548s] -- Using RMW implementation 'rmw_fastrtps_cpp' as default
[0.704s] -- Configuring done (0.7s)
[0.717s] -- Generating done (0.0s)
[0.724s] -- Build files have been written to: /home/admin/bumperbot_ws/build/bumperbot_controller
[0.791s] [100%] Built target simple_controller
[0.812s] Invoked command in '/home/admin/bumperbot_ws/build/bumperbot_controller' returned '0': CMAKE_PREFIX_PATH=${CMAKE_PREFIX_PATH}:/opt/ros/jazzy DEBUGINFOD_URLS=https://debuginfod.ubuntu.com /usr/bin/cmake --build /home/admin/bumperbot_ws/build/bumperbot_controller -- -j4 -l4
[0.813s] Invoking command in '/home/admin/bumperbot_ws/build/bumperbot_controller': CMAKE_PREFIX_PATH=${CMAKE_PREFIX_PATH}:/opt/ros/jazzy DEBUGINFOD_URLS=https://debuginfod.ubuntu.com /usr/bin/cmake --install /home/admin/bumperbot_ws/build/bumperbot_controller
[0.826s] -- Install configuration: ""
[0.827s] -- Installing: /home/admin/bumperbot_ws/install/bumperbot_controller/include/include
[0.827s] -- Installing: /home/admin/bumperbot_ws/install/bumperbot_controller/include/include/bumperbot_controller
[0.827s] -- Installing: /home/admin/bumperbot_ws/install/bumperbot_controller/include/include/bumperbot_controller/simple_controller.hpp
[0.827s] -- Installing: /home/admin/bumperbot_ws/install/bumperbot_controller/lib/bumperbot_controller/simple_controller
[0.834s] -- Set non-toolchain portion of runtime path of "/home/admin/bumperbot_ws/install/bumperbot_controller/lib/bumperbot_controller/simple_controller" to ""
[0.835s] -- Up-to-date: /home/admin/bumperbot_ws/install/bumperbot_controller/share/bumperbot_controller/launch
[0.835s] -- Up-to-date: /home/admin/bumperbot_ws/install/bumperbot_controller/share/bumperbot_controller/launch/controller.launch.py
[0.835s] -- Up-to-date: /home/admin/bumperbot_ws/install/bumperbot_controller/share/bumperbot_controller/config
[0.835s] -- Up-to-date: /home/admin/bumperbot_ws/install/bumperbot_controller/share/bumperbot_controller/config/bumperbot_controllers.yaml
[0.836s] -- Installing: /home/admin/bumperbot_ws/install/bumperbot_controller/share/ament_index/resource_index/package_run_dependencies/bumperbot_controller
[0.843s] -- Up-to-date: /home/admin/bumperbot_ws/install/bumperbot_controller/share/ament_index/resource_index/parent_prefix_path/bumperbot_controller
[0.843s] -- Up-to-date: /home/admin/bumperbot_ws/install/bumperbot_controller/share/bumperbot_controller/environment/ament_prefix_path.sh
[0.843s] -- Up-to-date: /home/admin/bumperbot_ws/install/bumperbot_controller/share/bumperbot_controller/environment/ament_prefix_path.dsv
[0.843s] -- Up-to-date: /home/admin/bumperbot_ws/install/bumperbot_controller/share/bumperbot_controller/environment/path.sh
[0.843s] -- Up-to-date: /home/admin/bumperbot_ws/install/bumperbot_controller/share/bumperbot_controller/environment/path.dsv
[0.843s] -- Up-to-date: /home/admin/bumperbot_ws/install/bumperbot_controller/share/bumperbot_controller/local_setup.bash
[0.843s] -- Up-to-date: /home/admin/bumperbot_ws/install/bumperbot_controller/share/bumperbot_controller/local_setup.sh
[0.843s] -- Up-to-date: /home/admin/bumperbot_ws/install/bumperbot_controller/share/bumperbot_controller/local_setup.zsh
[0.843s] -- Up-to-date: /home/admin/bumperbot_ws/install/bumperbot_controller/share/bumperbot_controller/local_setup.dsv
[0.844s] -- Installing: /home/admin/bumperbot_ws/install/bumperbot_controller/share/bumperbot_controller/package.dsv
[0.844s] -- Up-to-date: /home/admin/bumperbot_ws/install/bumperbot_controller/share/ament_index/resource_index/packages/bumperbot_controller
[0.844s] -- Up-to-date: /home/admin/bumperbot_ws/install/bumperbot_controller/share/bumperbot_controller/cmake/bumperbot_controllerConfig.cmake
[0.844s] -- Up-to-date: /home/admin/bumperbot_ws/install/bumperbot_controller/share/bumperbot_controller/cmake/bumperbot_controllerConfig-version.cmake
[0.844s] -- Installing: /home/admin/bumperbot_ws/install/bumperbot_controller/share/bumperbot_controller/package.xml
[0.846s] Invoked command in '/home/admin/bumperbot_ws/build/bumperbot_controller' returned '0': CMAKE_PREFIX_PATH=${CMAKE_PREFIX_PATH}:/opt/ros/jazzy DEBUGINFOD_URLS=https://debuginfod.ubuntu.com /usr/bin/cmake --install /home/admin/bumperbot_ws/build/bumperbot_controller
